<html>
<body>
<pre>
<h1>礦ision Build Log</h1>
<h2>Tool Versions:</h2>
IDE-Version: μVision V5.12.0.0
Copyright (C) 2014 ARM Ltd and ARM Germany GmbH. All rights reserved.
License Information: suio acer0827, Microsoft, LIC=RC9X7-ENIS8-UGQ7Q-NGUFR-QS64E-BPYHB
 
Tool Versions:
Toolchain:       MDK-ARM Standard  Version: 5.12.0.0
Toolchain Path:  d:\Keil_v5\ARM\ARMCC\Bin
C Compiler:      Armcc.exe V5.05 (build 41)
Assembler:       Armasm.exe V5.05 (build 41)
Linker/Locator:  ArmLink.exe V5.05 (build 41)
Library Manager: ArmAr.exe V5.05 (build 41)
Hex Converter:   FromElf.exe V5.05 (build 41)
CPU DLL:         SARMCM3.DLL V5.12.0.0
Dialog DLL:      DARMCM1.DLL V1.11.00.0
    Target DLL: STLink\ST-LINKIII-KEIL_SWO.dll
Dialog DLL:      TARMCM1.DLL V1.08.00.0
 
<h2>Project:</h2>
G:\lfx\PRO\HST\SGP30\SPG30程序\SPG30 STM32F051测试程序 -简洁功能\User\Prj.uvprojx
Project File Date:  03/20/2019

<h2>Output:</h2>
Build target 'Target 1'
compiling main.c...
linking...
Program Size: Code=5368 RO-data=796 RW-data=104 ZI-data=1584  
FromELF: creating hex file...
".\Objects\Prj.axf" - 0 Error(s), 0 Warning(s).

<h2>Collection of Component include folders:</h2>
  G:\lfx\PRO\HST\SGP30\SPG30程序\SPG30 STM32F051测试程序 -简洁功能\User\RTE
  d:\Keil_v5\ARM\PACK\Keil\STM32F0xx_DFP\1.5.0

<h2>Collection of Component Files used:</h2>
</pre>
</body>
</html>
-data=796 RW-data=104 ZI-data=1584  
FromELF: creating hex file...
".\Objects\Prj.axf" - 0 Error(s), 2 Warning(s).

<h2>Collection of Component include folders:</h2>
  G:\lfx\PRO\HST\SGP30\SPG30程序\SPG30 STM32F051测试程序 -简洁功能\User\RTE
  d:\Keil_v5\ARM\PACK\Keil\STM32F0xx_DFP\1.5.0

<h2>Collection of Component Files used:</h2>
tm32f0xx_wwdg.c...
compiling system_stm32f0xx.c...
compiling usart.c...
compiling sensirion_common.c...
compiling sensirion_sw_i2c.c...
compiling sgp30.c...
compiling sgp30_featureset.c...
linking...
Program Size: Code=5364 RO-data=800 RW-data=104 ZI-data=1584  
FromELF: creating hex file...
".\Objects\Prj.axf" - 0 Error(s), 0 Warning(s).

<h2>Collection of Component include folders:</h2>
  G:\lfx\PRO\HST\SGP30\SPG30程序\SPG30 STM32F051测试程序 -简洁功能\User\RTE
  d:\Keil_v5\ARM\PACK\Keil\STM32F0xx_DFP\1.5.0

<h2>Collection of Component Files used:</h2>
